
[1m[46m RUN [49m[22m [36mv4.0.18 [39m[90mC:/Users/tricott/Desktop/USDA Composer/USDA-Composer[39m
      [2mCoverage enabled with [22m[33mv8[39m

[90mstdout[2m | src/__tests__/unit/components/promotionController.test.js[2m > [22m[2mPromotionController[2m > [22m[2mInitialization[2m > [22m[2mshould initialize without errors
[22m[39m✅ Promotion Controller initialized with error handling

[90mstdout[2m | src/__tests__/unit/components/promotionController.test.js[2m > [22m[2mPromotionController[2m > [22m[2mInitialization[2m > [22m[2mshould attach openPromotionModal event listener
[22m[39m✅ Promotion Controller initialized with error handling

[90mstdout[2m | src/__tests__/unit/components/promotionController.test.js[2m > [22m[2mPromotionController[2m > [22m[2mInitialization[2m > [22m[2mshould attach click listeners to buttons
[22m[39m✅ Promotion Controller initialized with error handling

[90mstdout[2m | src/__tests__/unit/components/promotionController.test.js[2m > [22m[2mPromotionController[2m > [22m[2mObject Promotion Mode[2m > [22m[2mshould open modal in object mode
[22m[39m✅ Promotion Controller initialized with error handling

[90mstdout[2m | src/__tests__/unit/components/promotionController.test.js[2m > [22m[2mPromotionController[2m > [22m[2mObject Promotion Mode[2m > [22m[2mshould determine WIP → Shared transition
[22m[39m✅ Promotion Controller initialized with error handling

[90mstdout[2m | src/__tests__/unit/components/promotionController.test.js[2m > [22m[2mPromotionController[2m > [22m[2mObject Promotion Mode[2m > [22m[2mshould determine Shared → Published transition
[22m[39m✅ Promotion Controller initialized with error handling

[90mstdout[2m | src/__tests__/unit/components/promotionController.test.js[2m > [22m[2mPromotionController[2m > [22m[2mObject Promotion Mode[2m > [22m[2mshould throw error for already Published object
[22m[39m✅ Promotion Controller initialized with error handling

[90mstdout[2m | src/__tests__/unit/components/promotionController.test.js[2m > [22m[2mPromotionController[2m > [22m[2mObject Promotion Mode[2m > [22m[2mshould fallback to layer status if prim status is undefined
[22m[39m✅ Promotion Controller initialized with error handling

[90mstdout[2m | src/__tests__/unit/components/promotionController.test.js[2m > [22m[2mPromotionController[2m > [22m[2mObject Promotion Mode[2m > [22m[2mshould disable list interaction buttons in object mode
[22m[39m✅ Promotion Controller initialized with error handling

[90mstdout[2m | src/__tests__/unit/components/promotionController.test.js[2m > [22m[2mPromotionController[2m > [22m[2mObject Promotion Mode[2m > [22m[2mshould show object in promote list
[22m[39m✅ Promotion Controller initialized with error handling

[90mstdout[2m | src/__tests__/unit/components/promotionController.test.js[2m > [22m[2mPromotionController[2m > [22m[2mLayer Promotion Mode[2m > [22m[2mshould open modal in layer mode
[22m[39m✅ Promotion Controller initialized with error handling
✅ Opened promotion modal (layer mode, WIP → Shared)
✅ Opened promotion modal (layer mode, WIP → Shared)
✅ Opened promotion modal (layer mode, WIP → Shared)
✅ Opened promotion modal (layer mode, WIP → Shared)
✅ Opened promotion modal (layer mode, WIP → Shared)
✅ Opened promotion modal (layer mode, WIP → Shared)
✅ Opened promotion modal (layer mode, WIP → Shared)
✅ Opened promotion modal (layer mode, WIP → Shared)
✅ Opened promotion modal (layer mode, WIP → Shared)
✅ Opened promotion modal (layer mode, WIP → Shared)
✅ Opened promotion modal (layer mode, WIP → Shared)

[90mstdout[2m | src/__tests__/unit/components/promotionController.test.js[2m > [22m[2mPromotionController[2m > [22m[2mLayer Promotion Mode[2m > [22m[2mshould enable list interaction buttons in layer mode
[22m[39m✅ Promotion Controller initialized with error handling
✅ Opened promotion modal (layer mode, WIP → Shared)
✅ Opened promotion modal (layer mode, WIP → Shared)
✅ Opened promotion modal (layer mode, WIP → Shared)
✅ Opened promotion modal (layer mode, WIP → Shared)
✅ Opened promotion modal (layer mode, WIP → Shared)
✅ Opened promotion modal (layer mode, WIP → Shared)
✅ Opened promotion modal (layer mode, WIP → Shared)
✅ Opened promotion modal (layer mode, WIP → Shared)
✅ Opened promotion modal (layer mode, WIP → Shared)
✅ Opened promotion modal (layer mode, WIP → Shared)
✅ Opened promotion modal (layer mode, WIP → Shared)
✅ Opened promotion modal (layer mode, WIP → Shared)

[90mstdout[2m | src/__tests__/unit/components/promotionController.test.js[2m > [22m[2mPromotionController[2m > [22m[2mLayer Promotion Mode[2m > [22m[2mshould throw error for inconsistent status selection
[22m[39m✅ Promotion Controller initialized with error handling

[90mstdout[2m | src/__tests__/unit/components/promotionController.test.js[2m > [22m[2mPromotionController[2m > [22m[2mLayer Promotion Mode[2m > [22m[2mshould throw error for already Published layers
[22m[39m✅ Promotion Controller initialized with error handling

[90mstdout[2m | src/__tests__/unit/components/promotionController.test.js[2m > [22m[2mPromotionController[2m > [22m[2mLayer Promotion Mode[2m > [22m[2mshould filter layers by owner
[22m[39m✅ Promotion Controller initialized with error handling
✅ Opened promotion modal (layer mode, WIP → Shared)
✅ Opened promotion modal (layer mode, WIP → Shared)
✅ Opened promotion modal (layer mode, WIP → Shared)
✅ Opened promotion modal (layer mode, WIP → Shared)
✅ Opened promotion modal (layer mode, WIP → Shared)
✅ Opened promotion modal (layer mode, WIP → Shared)
✅ Opened promotion modal (layer mode, WIP → Shared)
✅ Opened promotion modal (layer mode, WIP → Shared)
✅ Opened promotion modal (layer mode, WIP → Shared)
✅ Opened promotion modal (layer mode, WIP → Shared)
✅ Opened promotion modal (layer mode, WIP → Shared)
✅ Opened promotion modal (layer mode, WIP → Shared)
✅ Opened promotion modal (layer mode, WIP → Shared)
✅ Opened promotion modal (layer mode, WIP → Shared)
✅ Opened promotion modal (layer mode, WIP → Shared)

[90mstdout[2m | src/__tests__/unit/components/promotionController.test.js[2m > [22m[2mPromotionController[2m > [22m[2mLayer Promotion Mode[2m > [22m[2mshould place initially selected layers in promote list
[22m[39m✅ Promotion Controller initialized with error handling
✅ Opened promotion modal (layer mode, WIP → Shared)
✅ Opened promotion modal (layer mode, WIP → Shared)
✅ Opened promotion modal (layer mode, WIP → Shared)
✅ Opened promotion modal (layer mode, WIP → Shared)
✅ Opened promotion modal (layer mode, WIP → Shared)
✅ Opened promotion modal (layer mode, WIP → Shared)
✅ Opened promotion modal (layer mode, WIP → Shared)
✅ Opened promotion modal (layer mode, WIP → Shared)
✅ Opened promotion modal (layer mode, WIP → Shared)
✅ Opened promotion modal (layer mode, WIP → Shared)
✅ Opened promotion modal (layer mode, WIP → Shared)
✅ Opened promotion modal (layer mode, WIP → Shared)
✅ Opened promotion modal (layer mode, WIP → Shared)
✅ Opened promotion modal (layer mode, WIP → Shared)
✅ Opened promotion modal (layer mode, WIP → Shared)
✅ Opened promotion modal (layer mode, WIP → Shared)

[90mstdout[2m | src/__tests__/unit/components/promotionController.test.js[2m > [22m[2mPromotionController[2m > [22m[2mLayer Promotion Mode[2m > [22m[2mshould place non-selected layers in eligible list
[22m[39m✅ Promotion Controller initialized with error handling
✅ Opened promotion modal (layer mode, WIP → Shared)
✅ Opened promotion modal (layer mode, WIP → Shared)
✅ Opened promotion modal (layer mode, WIP → Shared)
✅ Opened promotion modal (layer mode, WIP → Shared)
✅ Opened promotion modal (layer mode, WIP → Shared)
✅ Opened promotion modal (layer mode, WIP → Shared)
✅ Opened promotion modal (layer mode, WIP → Shared)
✅ Opened promotion modal (layer mode, WIP → Shared)
✅ Opened promotion modal (layer mode, WIP → Shared)
✅ Opened promotion modal (layer mode, WIP → Shared)
✅ Opened promotion modal (layer mode, WIP → Shared)
✅ Opened promotion modal (layer mode, WIP → Shared)
✅ Opened promotion modal (layer mode, WIP → Shared)
✅ Opened promotion modal (layer mode, WIP → Shared)
✅ Opened promotion modal (layer mode, WIP → Shared)
✅ Opened promotion modal (layer mode, WIP → Shared)
✅ Opened promotion modal (layer mode, WIP → Shared)

[90mstdout[2m | src/__tests__/unit/components/promotionController.test.js[2m > [22m[2mPromotionController[2m > [22m[2mLayer Promotion Mode[2m > [22m[2mshould return early for empty initial selection
[22m[39m✅ Promotion Controller initialized with error handling

[90mstdout[2m | src/__tests__/unit/components/promotionController.test.js[2m > [22m[2mPromotionController[2m > [22m[2mLayer list item creation[2m > [22m[2mshould create list item with correct structure
[22m[39m✅ Promotion Controller initialized with error handling
✅ Opened promotion modal (layer mode, WIP → Shared)
✅ Opened promotion modal (layer mode, WIP → Shared)
✅ Opened promotion modal (layer mode, WIP → Shared)
✅ Opened promotion modal (layer mode, WIP → Shared)
✅ Opened promotion modal (layer mode, WIP → Shared)
✅ Opened promotion modal (layer mode, WIP → Shared)
✅ Opened promotion modal (layer mode, WIP → Shared)
✅ Opened promotion modal (layer mode, WIP → Shared)
✅ Opened promotion modal (layer mode, WIP → Shared)
✅ Opened promotion modal (layer mode, WIP → Shared)
✅ Opened promotion modal (layer mode, WIP → Shared)
✅ Opened promotion modal (layer mode, WIP → Shared)
✅ Opened promotion modal (layer mode, WIP → Shared)
✅ Opened promotion modal (layer mode, WIP → Shared)
✅ Opened promotion modal (layer mode, WIP → Shared)
✅ Opened promotion modal (layer mode, WIP → Shared)
✅ Opened promotion modal (layer mode, WIP → Shared)
✅ Opened promotion modal (layer mode, WIP → Shared)
✅ Opened promotion modal (layer mode, WIP → Shared)

[90mstdout[2m | src/__tests__/unit/components/promotionController.test.js[2m > [22m[2mPromotionController[2m > [22m[2mLayer list item creation[2m > [22m[2mshould show status indicator
[22m[39m✅ Promotion Controller initialized with error handling
✅ Opened promotion modal (layer mode, WIP → Shared)
✅ Opened promotion modal (layer mode, WIP → Shared)
✅ Opened promotion modal (layer mode, WIP → Shared)
✅ Opened promotion modal (layer mode, WIP → Shared)
✅ Opened promotion modal (layer mode, WIP → Shared)
✅ Opened promotion modal (layer mode, WIP → Shared)
✅ Opened promotion modal (layer mode, WIP → Shared)
✅ Opened promotion modal (layer mode, WIP → Shared)
✅ Opened promotion modal (layer mode, WIP → Shared)
✅ Opened promotion modal (layer mode, WIP → Shared)
✅ Opened promotion modal (layer mode, WIP → Shared)
✅ Opened promotion modal (layer mode, WIP → Shared)
✅ Opened promotion modal (layer mode, WIP → Shared)
✅ Opened promotion modal (layer mode, WIP → Shared)
✅ Opened promotion modal (layer mode, WIP → Shared)
✅ Opened promotion modal (layer mode, WIP → Shared)
✅ Opened promotion modal (layer mode, WIP → Shared)
✅ Opened promotion modal (layer mode, WIP → Shared)
✅ Opened promotion modal (layer mode, WIP → Shared)
✅ Opened promotion modal (layer mode, WIP → Shared)

[90mstdout[2m | src/__tests__/unit/components/promotionController.test.js[2m > [22m[2mPromotionController[2m > [22m[2mList interactions[2m > [22m[2mshould select item on click
[22m[39m✅ Promotion Controller initialized with error handling

[90mstdout[2m | src/__tests__/unit/components/promotionController.test.js[2m > [22m[2mPromotionController[2m > [22m[2mList interactions[2m > [22m[2mshould toggle selection with Ctrl+click
[22m[39m✅ Promotion Controller initialized with error handling

[90mstdout[2m | src/__tests__/unit/components/promotionController.test.js[2m > [22m[2mPromotionController[2m > [22m[2mList interactions[2m > [22m[2mshould support metaKey (Mac Cmd) for toggle
[22m[39m✅ Promotion Controller initialized with error handling

[90mstdout[2m | src/__tests__/unit/components/promotionController.test.js[2m > [22m[2mPromotionController[2m > [22m[2mList interactions[2m > [22m[2mshould clear other selections on single click
[22m[39m✅ Promotion Controller initialized with error handling

[90mstdout[2m | src/__tests__/unit/components/promotionController.test.js[2m > [22m[2mPromotionController[2m > [22m[2mTransfer operations[2m > [22m[2mshould move selected items on add button click
[22m[39m✅ Promotion Controller initialized with error handling

[90mstdout[2m | src/__tests__/unit/components/promotionController.test.js[2m > [22m[2mPromotionController[2m > [22m[2mTransfer operations[2m > [22m[2mshould move all items on add all button click
[22m[39m✅ Promotion Controller initialized with error handling

[90mstdout[2m | src/__tests__/unit/components/promotionController.test.js[2m > [22m[2mPromotionController[2m > [22m[2mTransfer operations[2m > [22m[2mshould move selected items back on remove button click
[22m[39m✅ Promotion Controller initialized with error handling

[90mstdout[2m | src/__tests__/unit/components/promotionController.test.js[2m > [22m[2mPromotionController[2m > [22m[2mTransfer operations[2m > [22m[2mshould move all items back on remove all button click
[22m[39m✅ Promotion Controller initialized with error handling

[90mstdout[2m | src/__tests__/unit/components/promotionController.test.js[2m > [22m[2mPromotionController[2m > [22m[2mModal close[2m > [22m[2mshould close modal on close button click
[22m[39m✅ Promotion Controller initialized with error handling
Promotion modal closed

[90mstdout[2m | src/__tests__/unit/components/promotionController.test.js[2m > [22m[2mPromotionController[2m > [22m[2mObject promotion confirmation[2m > [22m[2mshould validate object has name before promotion
[22m[39m✅ Promotion Controller initialized with error handling

node.exe : 
[90mstderr[2m | src/
__tests__/unit/compone
nts/promotionControlle
r.test.js[2m > [22m
[2mPromotionController
[2m > 
[22m[2mObject 
promotion 
confirmation[2m > 
[22m[2mshould 
validate object has 
name before promotion
At C:\Program Files\no
dejs\npx.ps1:29 char:3
+   & $NODE_EXE 
$NPX_CLI_JS $args
+   ~~~~~~~~~~~~~~~~~~
~~~~~~~~~~~
    + CategoryInfo    
          : NotSpeci  
  fied: ([90mstder   
 r[2m...efore pro    
motion:String) []    
, RemoteException
    + FullyQualifiedE 
   rrorId : NativeCo  
  mmandError
 
[22m[39mSkipping 
invalid object: {
  path: [32m'/Root/Te
st'[39m,
  properties: { 
status: 
[32m'WIP'[39m },
  _sourceFile: 
[32m'test.usda'[39m
}

[90mstdout[2m | src/__tests__/unit/components/promotionController.test.js[2m > [22m[2mPromotionController[2m > [22m[2mObject promotion confirmation[2m > [22m[2mshould validate object has source file before promotion
[22m[39m✅ Promotion Controller initialized with error handling

[90mstderr[2m | src/
__tests__/unit/compone
nts/promotionControlle
r.test.js[2m > [22m
[2mPromotionController
[2m > 
[22m[2mObject 
promotion 
confirmation[2m > 
[22m[2mshould 
validate object has 
source file before 
promotion
[22m[39mSkipping 
invalid object: { 
name: 
[32m'Test'[39m, 
path: [32m'/Root/Test
'[39m, properties: { 
status: 
[32m'WIP'[39m } }

[90mstdout[2m | src/__tests__/unit/components/promotionController.test.js[2m > [22m[2mPromotionController[2m > [22m[2mObject promotion confirmation[2m > [22m[2mshould validate object has path before promotion
[22m[39m✅ Promotion Controller initialized with error handling

[90mstderr[2m | src/
__tests__/unit/compone
nts/promotionControlle
r.test.js[2m > [22m
[2mPromotionController
[2m > 
[22m[2mObject 
promotion 
confirmation[2m > 
[22m[2mshould 
validate object has 
path before promotion
[22m[39mSkipping 
invalid object: {
  name: 
[32m'Test'[39m,
  properties: { 
status: 
[32m'WIP'[39m },
  _sourceFile: 
[32m'test.usda'[39m
}

[90mstdout[2m | src/__tests__/unit/components/promotionController.test.js[2m > [22m[2mPromotionController[2m > [22m[2mObject promotion confirmation[2m > [22m[2mshould update prim properties on confirm
[22m[39m✅ Promotion Controller initialized with error handling

[90mstdout[2m | src/__tests__/unit/components/promotionController.test.js[2m > [22m[2mPromotionController[2m > [22m[2mObject promotion confirmation[2m > [22m[2mshould call recomposeStage and updateView
[22m[39m✅ Promotion Controller initialized with error handling

[90mstdout[2m | src/__tests__/unit/components/promotionController.test.js[2m > [22m[2mPromotionController[2m > [22m[2mObject promotion confirmation[2m > [22m[2mshould log promotion to statement
[22m[39m✅ Promotion Controller initialized with error handling

[90mstdout[2m | src/__tests__/unit/components/promotionController.test.js[2m > [22m[2mPromotionController[2m > [22m[2mObject promotion confirmation[2m > [22m[2mshould continue promotion if logging fails
[22m[39m✅ Promotion Controller initialized with error handling

[90mstderr[2m | src/
__tests__/unit/compone
nts/promotionControlle
r.test.js[2m > [22m
[2mPromotionController
[2m > 
[22m[2mObject 
promotion 
confirmation[2m > 
[22m[2mshould 
continue promotion if 
logging fails
[22m[39mLog failed 
for Test Error: 
Logging failed
    at C:/Users/tricot
t/Desktop/USDA Compose
r/USDA-Composer/src/__
tests__/unit/component
s/promotionController.
test.js:822:15
    at Mock [90m(file
:///C:/Users/tricott/D
esktop/USDA%20Composer
/USDA-Composer/[39mno
de_modules/[4m@vitest
[24m/spy/dist/index.j
s:285:34[90m)[39m
    at C:/Users/tricot
t/Desktop/USDA Compose
r/USDA-Composer/src/co
mponents/promotionCont
roller.js:400:40
    at Array.forEach 
(<anonymous>)
    at HTMLButtonEleme
nt.<anonymous> (C:/Use
rs/tricott/Desktop/USD
A Composer/USDA-Compos
er/src/components/prom
otionController.js:386
:29)
    at HTMLButtonEleme
nt.callTheUserObjectsO
peration [90m(C:\User
s\tricott\Desktop\USDA
 Composer\USDA-Compose
r\[39mnode_modules\[
4mjsdom[24m\lib\jsdom
\living\generated\Even
tListener.js:26:30[90
m)[39m
    at innerInvokeEven
tListeners [90m(C:\Us
ers\tricott\Desktop\US
DA Composer\USDA-Compo
ser\[39mnode_modules\
[4mjsdom[24m\lib\jsd
om\living\events\Event
Target-impl.js:360:16
[90m)[39m
    at 
invokeEventListeners 
[90m(C:\Users\tricott\
Desktop\USDA Composer\
USDA-Composer\[39mnod
e_modules\[4mjsdom[2
4m\lib\jsdom\living\ev
ents\EventTarget-impl.
js:296:3[90m)[39m
    at HTMLButtonEleme
ntImpl._dispatch [90m
(C:\Users\tricott\Desk
top\USDA Composer\USDA
-Composer\[39mnode_mo
dules\[4mjsdom[24m\l
ib\jsdom\living\events
\EventTarget-impl.js:2
43:9[90m)[39m
    at fireAnEvent [9
0m(C:\Users\tricott\De
sktop\USDA Composer\US
DA-Composer\[39mnode_
modules\[4mjsdom[24m
\lib\jsdom\living\help
ers\events.js:18:36[9
0m)[39m

[90mstdout[2m | src/__tests__/unit/components/promotionController.test.js[2m > [22m[2mPromotionController[2m > [22m[2mObject promotion confirmation[2m > [22m[2mshould not promote if user cancels
[22m[39m✅ Promotion Controller initialized with error handling

[90mstdout[2m | src/__tests__/unit/components/promotionController.test.js[2m > [22m[2mPromotionController[2m > [22m[2mLayer promotion confirmation[2m > [22m[2mshould close modal with no items to promote
[22m[39m✅ Promotion Controller initialized with error handling

[90mstdout[2m | src/__tests__/unit/components/promotionController.test.js[2m > [22m[2mPromotionController[2m > [22m[2mLayer promotion confirmation[2m > [22m[2mshould close modal with no items to promote
[22m[39m✅ Opened promotion modal (layer mode, WIP → Shared)
✅ Opened promotion modal (layer mode, WIP → Shared)
✅ Opened promotion modal (layer mode, WIP → Shared)
✅ Opened promotion modal (layer mode, WIP → Shared)
✅ Opened promotion modal (layer mode, WIP → Shared)
✅ Opened promotion modal (layer mode, WIP → Shared)
✅ Opened promotion modal (layer mode, WIP → Shared)
✅ Opened promotion modal (layer mode, WIP → Shared)
✅ Opened promotion modal (layer mode, WIP → Shared)
✅ Opened promotion modal (layer mode, WIP → Shared)
✅ Opened promotion modal (layer mode, WIP → Shared)
✅ Opened promotion modal (layer mode, WIP → Shared)
✅ Opened promotion modal (layer mode, WIP → Shared)
✅ Opened promotion modal (layer mode, WIP → Shared)
✅ Opened promotion modal (layer mode, WIP → Shared)
✅ Opened promotion modal (layer mode, WIP → Shared)
✅ Opened promotion modal (layer mode, WIP → Shared)
✅ Opened promotion modal (layer mode, WIP → Shared)
✅ Opened promotion modal (layer mode, WIP → Shared)
✅ Opened promotion modal (layer mode, WIP → Shared)
✅ Opened promotion modal (layer mode, WIP → Shared)
✅ Opened promotion modal (layer mode, WIP → Shared)
✅ Opened promotion modal (layer mode, WIP → Shared)
✅ Opened promotion modal (layer mode, WIP → Shared)
✅ Opened promotion modal (layer mode, WIP → Shared)
✅ Opened promotion modal (layer mode, WIP → Shared)
✅ Opened promotion modal (layer mode, WIP → Shared)
✅ Opened promotion modal (layer mode, WIP → Shared)
✅ Opened promotion modal (layer mode, WIP → Shared)
✅ Opened promotion modal (layer mode, WIP → Shared)
✅ Opened promotion modal (layer mode, WIP → Shared)
✅ Opened promotion modal (layer mode, WIP → Shared)
✅ Opened promotion modal (layer mode, WIP → Shared)
✅ Opened promotion modal (layer mode, WIP → Shared)
✅ Opened promotion modal (layer mode, WIP → Shared)
✅ Opened promotion modal (layer mode, WIP → Shared)
✅ Opened promotion modal (layer mode, WIP → Shared)
✅ Opened promotion modal (layer mode, WIP → Shared)
No layers selected for promotion

[90mstdout[2m | src/__tests__/unit/components/promotionController.test.js[2m > [22m[2mPromotionController[2m > [22m[2mLayer promotion confirmation[2m > [22m[2mshould promote all layers in promote list
[22m[39m✅ Promotion Controller initialized with error handling

[90mstdout[2m | src/__tests__/unit/components/promotionController.test.js[2m > [22m[2mPromotionController[2m > [22m[2mLayer promotion confirmation[2m > [22m[2mshould promote all layers in promote list
[22m[39m✅ Opened promotion modal (layer mode, WIP → Shared)
✅ Opened promotion modal (layer mode, WIP → Shared)
✅ Opened promotion modal (layer mode, WIP → Shared)
✅ Opened promotion modal (layer mode, WIP → Shared)
✅ Opened promotion modal (layer mode, WIP → Shared)
✅ Opened promotion modal (layer mode, WIP → Shared)
✅ Opened promotion modal (layer mode, WIP → Shared)
✅ Opened promotion modal (layer mode, WIP → Shared)
✅ Opened promotion modal (layer mode, WIP → Shared)
✅ Opened promotion modal (layer mode, WIP → Shared)
✅ Opened promotion modal (layer mode, WIP → Shared)
✅ Opened promotion modal (layer mode, WIP → Shared)
✅ Opened promotion modal (layer mode, WIP → Shared)
✅ Opened promotion modal (layer mode, WIP → Shared)
✅ Opened promotion modal (layer mode, WIP → Shared)
✅ Opened promotion modal (layer mode, WIP → Shared)
✅ Opened promotion modal (layer mode, WIP → Shared)
✅ Opened promotion modal (layer mode, WIP → Shared)
✅ Opened promotion modal (layer mode, WIP → Shared)
✅ Opened promotion modal (layer mode, WIP → Shared)
✅ Opened promotion modal (layer mode, WIP → Shared)
✅ Opened promotion modal (layer mode, WIP → Shared)
✅ Opened promotion modal (layer mode, WIP → Shared)
✅ Opened promotion modal (layer mode, WIP → Shared)
✅ Opened promotion modal (layer mode, WIP → Shared)
✅ Opened promotion modal (layer mode, WIP → Shared)
✅ Opened promotion modal (layer mode, WIP → Shared)
✅ Opened promotion modal (layer mode, WIP → Shared)
✅ Opened promotion modal (layer mode, WIP → Shared)
✅ Opened promotion modal (layer mode, WIP → Shared)
✅ Opened promotion modal (layer mode, WIP → Shared)
✅ Opened promotion modal (layer mode, WIP → Shared)
✅ Opened promotion modal (layer mode, WIP → Shared)
✅ Opened promotion modal (layer mode, WIP → Shared)
✅ Opened promotion modal (layer mode, WIP → Shared)
✅ Opened promotion modal (layer mode, WIP → Shared)
✅ Opened promotion modal (layer mode, WIP → Shared)
✅ Opened promotion modal (layer mode, WIP → Shared)
✅ Opened promotion modal (layer mode, WIP → Shared)
✅ Successfully promoting 2/2 layers (WIP → Shared)

[90mstdout[2m | src/__tests__/unit/components/promotionController.test.js[2m > [22m[2mPromotionController[2m > [22m[2mLayer promotion confirmation[2m > [22m[2mshould skip layer with missing layerId
[22m[39m✅ Promotion Controller initialized with error handling

[90mstderr[2m | src/
__tests__/unit/compone
nts/promotionControlle
r.test.js[2m > [22m
[2mPromotionController
[2m > [22m[2mLayer 
promotion 
confirmation[2m > 
[22m[2mshould skip 
layer with missing 
layerId
[22m[39mLayer item 
missing layerId, 
skipping

[90mstdout[2m | src/__tests__/unit/components/promotionController.test.js[2m > [22m[2mPromotionController[2m > [22m[2mLayer promotion confirmation[2m > [22m[2mshould skip layer with missing layerId
[22m[39m✅ Opened promotion modal (layer mode, WIP → Shared)
✅ Opened promotion modal (layer mode, WIP → Shared)
✅ Opened promotion modal (layer mode, WIP → Shared)
✅ Opened promotion modal (layer mode, WIP → Shared)
✅ Opened promotion modal (layer mode, WIP → Shared)
✅ Opened promotion modal (layer mode, WIP → Shared)
✅ Opened promotion modal (layer mode, WIP → Shared)
✅ Opened promotion modal (layer mode, WIP → Shared)
✅ Opened promotion modal (layer mode, WIP → Shared)
✅ Opened promotion modal (layer mode, WIP → Shared)
✅ Opened promotion modal (layer mode, WIP → Shared)
✅ Opened promotion modal (layer mode, WIP → Shared)
✅ Opened promotion modal (layer mode, WIP → Shared)
✅ Opened promotion modal (layer mode, WIP → Shared)
✅ Opened promotion modal (layer mode, WIP → Shared)
✅ Opened promotion modal (layer mode, WIP → Shared)
✅ Opened promotion modal (layer mode, WIP → Shared)
✅ Opened promotion modal (layer mode, WIP → Shared)
✅ Opened promotion modal (layer mode, WIP → Shared)
✅ Opened promotion modal (layer mode, WIP → Shared)
✅ Opened promotion modal (layer mode, WIP → Shared)
✅ Opened promotion modal (layer mode, WIP → Shared)
✅ Opened promotion modal (layer mode, WIP → Shared)
✅ Opened promotion modal (layer mode, WIP → Shared)
✅ Opened promotion modal (layer mode, WIP → Shared)
✅ Opened promotion modal (layer mode, WIP → Shared)
✅ Opened promotion modal (layer mode, WIP → Shared)
✅ Opened promotion modal (layer mode, WIP → Shared)
✅ Opened promotion modal (layer mode, WIP → Shared)
✅ Opened promotion modal (layer mode, WIP → Shared)
✅ Opened promotion modal (layer mode, WIP → Shared)
✅ Opened promotion modal (layer mode, WIP → Shared)
✅ Opened promotion modal (layer mode, WIP → Shared)
✅ Opened promotion modal (layer mode, WIP → Shared)
✅ Opened promotion modal (layer mode, WIP → Shared)
✅ Opened promotion modal (layer mode, WIP → Shared)
✅ Opened promotion modal (layer mode, WIP → Shared)
✅ Opened promotion modal (layer mode, WIP → Shared)
✅ Opened promotion modal (layer mode, WIP → Shared)
✅ Opened promotion modal (layer mode, WIP → Shared)
✅ Successfully promoting 1/2 layers (WIP → Shared)

[90mstdout[2m | src/__tests__/unit/components/promotionController.test.js[2m > [22m[2mPromotionController[2m > [22m[2mLayer promotion confirmation[2m > [22m[2mshould skip layer not found in layerStack
[22m[39m✅ Promotion Controller initialized with error handling

[90mstderr[2m | src/
__tests__/unit/compone
nts/promotionControlle
r.test.js[2m > [22m
[2mPromotionController
[2m > [22m[2mLayer 
promotion 
confirmation[2m > 
[22m[2mshould skip 
layer not found in 
layerStack
[90mstdout[2m | src/__tests__/unit/components/promotionController.test.js[2m > [22m[2mPromotionController[2m > [22m[2mLayer promotion confirmation[2m > [22m[2mshould skip layer not found in layerStack
[22m[39m✅ Opened promotion modal (layer mode, WIP → Shared)
✅ Opened promotion modal (layer mode, WIP → Shared)
✅ Opened promotion modal (layer mode, WIP → Shared)
✅ Opened promotion modal (layer mode, WIP → Shared)
✅ Opened promotion modal (layer mode, WIP → Shared)
✅ Opened promotion modal (layer mode, WIP → Shared)
✅ Opened promotion modal (layer mode, WIP → Shared)
✅ Opened promotion modal (layer mode, WIP → Shared)
✅ Opened promotion modal (layer mode, WIP → Shared)
✅ Opened promotion modal (layer mode, WIP → Shared)
✅ Opened promotion modal (layer mode, WIP → Shared)
✅ Opened promotion modal (layer mode, WIP → Shared)
✅ Opened promotion modal (layer mode, WIP → Shared)
✅ Opened promotion modal (layer mode, WIP → Shared)
✅ Opened promotion modal (layer mode, WIP → Shared)
✅ Opened promotion modal (layer mode, WIP → Shared)
✅ Opened promotion modal (layer mode, WIP → Shared)
✅ Opened promotion modal (layer mode, WIP → Shared)
✅ Opened promotion modal (layer mode, WIP → Shared)
✅ Opened promotion modal (layer mode, WIP → Shared)
✅ Opened promotion modal (layer mode, WIP → Shared)
✅ Opened promotion modal (layer mode, WIP → Shared)
✅ Opened promotion modal (layer mode, WIP → Shared)
✅ Opened promotion modal (layer mode, WIP → Shared)
✅ Opened promotion modal (layer mode, WIP → Shared)
✅ Opened promotion modal (layer mode, WIP → Shared)
✅ Opened promotion modal (layer mode, WIP → Shared)
✅ Opened promotion modal (layer mode, WIP → Shared)
✅ Opened promotion modal (layer mode, WIP → Shared)
✅ Opened promotion modal (layer mode, WIP → Shared)
✅ Opened promotion modal (layer mode, WIP → Shared)
✅ Opened promotion modal (layer mode, WIP → Shared)
✅ Opened promotion modal (layer mode, WIP → Shared)
✅ Opened promotion modal (layer mode, WIP → Shared)
✅ Opened promotion modal (layer mode, WIP → Shared)
✅ Opened promotion modal (layer mode, WIP → Shared)
✅ Opened promotion modal (layer mode, WIP → Shared)
✅ Opened promotion modal (layer mode, WIP → Shared)
✅ Opened promotion modal (layer mode, WIP → Shared)
✅ Opened promotion modal (layer mode, WIP → Shared)
✅ Opened promotion modal (layer mode, WIP → Shared)
✅ Successfully promoting 1/2 layers (WIP → Shared)

[22m[39mLayer not 
found: nonexistent, 
skipping

[90mstdout[2m | src/__tests__/unit/components/promotionController.test.js[2m > [22m[2mPromotionController[2m > [22m[2mLayer promotion confirmation[2m > [22m[2mshould skip layer with status mismatch
[22m[39m✅ Promotion Controller initialized with error handling

[90mstderr[2m | src/
__tests__/unit/compone
nts/promotionControlle
r.test.js[2m > [22m
[2mPromotionController
[2m > [22m[2mLayer 
promotion 
confirmation[2m > 
[22m[2mshould skip 
layer with status 
mismatch
[22m[39mLayer 
status mismatch 
(expected WIP, got 
Published), skipping

[90mstdout[2m | src/__tests__/unit/components/promotionController.test.js[2m > [22m[2mPromotionController[2m > [22m[2mLayer promotion confirmation[2m > [22m[2mshould skip layer with status mismatch
[22m[39m✅ Opened promotion modal (layer mode, WIP → Shared)
✅ Opened promotion modal (layer mode, WIP → Shared)
✅ Opened promotion modal (layer mode, WIP → Shared)
✅ Opened promotion modal (layer mode, WIP → Shared)
✅ Opened promotion modal (layer mode, WIP → Shared)
✅ Opened promotion modal (layer mode, WIP → Shared)
✅ Opened promotion modal (layer mode, WIP → Shared)
✅ Opened promotion modal (layer mode, WIP → Shared)
✅ Opened promotion modal (layer mode, WIP → Shared)
✅ Opened promotion modal (layer mode, WIP → Shared)
✅ Opened promotion modal (layer mode, WIP → Shared)
✅ Opened promotion modal (layer mode, WIP → Shared)
✅ Opened promotion modal (layer mode, WIP → Shared)
✅ Opened promotion modal (layer mode, WIP → Shared)
✅ Opened promotion modal (layer mode, WIP → Shared)
✅ Opened promotion modal (layer mode, WIP → Shared)
✅ Opened promotion modal (layer mode, WIP → Shared)
✅ Opened promotion modal (layer mode, WIP → Shared)
✅ Opened promotion modal (layer mode, WIP → Shared)
✅ Opened promotion modal (layer mode, WIP → Shared)
✅ Opened promotion modal (layer mode, WIP → Shared)
✅ Opened promotion modal (layer mode, WIP → Shared)
✅ Opened promotion modal (layer mode, WIP → Shared)
✅ Opened promotion modal (layer mode, WIP → Shared)
✅ Opened promotion modal (layer mode, WIP → Shared)
✅ Opened promotion modal (layer mode, WIP → Shared)
✅ Opened promotion modal (layer mode, WIP → Shared)
✅ Opened promotion modal (layer mode, WIP → Shared)
✅ Opened promotion modal (layer mode, WIP → Shared)
✅ Opened promotion modal (layer mode, WIP → Shared)
✅ Opened promotion modal (layer mode, WIP → Shared)
✅ Opened promotion modal (layer mode, WIP → Shared)
✅ Opened promotion modal (layer mode, WIP → Shared)
✅ Opened promotion modal (layer mode, WIP → Shared)
✅ Opened promotion modal (layer mode, WIP → Shared)
✅ Opened promotion modal (layer mode, WIP → Shared)
✅ Opened promotion modal (layer mode, WIP → Shared)
✅ Opened promotion modal (layer mode, WIP → Shared)
✅ Opened promotion modal (layer mode, WIP → Shared)
✅ Opened promotion modal (layer mode, WIP → Shared)
✅ Opened promotion modal (layer mode, WIP → Shared)
✅ Opened promotion modal (layer mode, WIP → Shared)
✅ Successfully promoting 0/1 layers (WIP → Shared)

[90mstdout[2m | src/__tests__/unit/components/promotionController.test.js[2m > [22m[2mPromotionController[2m > [22m[2mLayer promotion confirmation[2m > [22m[2mshould continue promoting other layers if one fails
[22m[39m✅ Promotion Controller initialized with error handling

[90mstderr[2m | src/
__tests__/unit/compone
nts/promotionControlle
r.test.js[2m > [22m
[2mPromotionController
[2m > [22m[2mLayer 
promotion 
confirmation[2m > 
[22m[2mshould 
continue promoting 
other layers if one 
fails
[22m[39mFailed to 
promote layer 
file1.usda: Error: 
Update failed
    at 
Object.<anonymous> (C:
/Users/tricott/Desktop
/USDA Composer/USDA-Co
mposer/src/__tests__/u
nit/components/promoti
onController.test.js:1
007:15)
    at Object.Mock 
[as updateLayer] [90m
(file:///C:/Users/tric
ott/Desktop/USDA%20Com
poser/USDA-Composer/[
39mnode_modules/[4m@v
itest[24m/spy/dist/in
dex.js:285:34[90m)[3
9m
    at C:/Users/tricot
t/Desktop/USDA Compose
r/USDA-Composer/src/co
mponents/promotionCont
roller.js:473:21
    at Array.forEach 
(<anonymous>)
    at HTMLButtonEleme
nt.<anonymous> (C:/Use
rs/tricott/Desktop/USD
A Composer/USDA-Compos
er/src/components/prom
otionController.js:449
:24)
    at HTMLButtonEleme
nt.callTheUserObjectsO
peration [90m(C:\User
s\tricott\Desktop\USDA
 Composer\USDA-Compose
r\[39mnode_modules\[
4mjsdom[24m\lib\jsdom
\living\generated\Even
tListener.js:26:30[90
m)[39m
    at innerInvokeEven
tListeners [90m(C:\Us
ers\tricott\Desktop\US
DA Composer\USDA-Compo
ser\[39mnode_modules\
[4mjsdom[24m\lib\jsd
om\living\events\Event
Target-impl.js:360:16
[90m)[39m
    at 
invokeEventListeners 
[90m(C:\Users\tricott\
Desktop\USDA Composer\
USDA-Composer\[39mnod
e_modules\[4mjsdom[2
4m\lib\jsdom\living\ev
ents\EventTarget-impl.
js:296:3[90m)[39m
    at HTMLButtonEleme
ntImpl._dispatch [90m
(C:\Users\tricott\Desk
top\USDA Composer\USDA
-Composer\[39mnode_mo
dules\[4mjsdom[24m\l
ib\jsdom\living\events
\EventTarget-impl.js:2
43:9[90m)[39m
    at fireAnEvent [9
0m(C:\Users\tricott\De
sktop\USDA Composer\US
DA-Composer\[39mnode_
modules\[4mjsdom[24m
\lib\jsdom\living\help
ers\events.js:18:36[9
0m)[39m

[90mstdout[2m | src/__tests__/unit/components/promotionController.test.js[2m > [22m[2mPromotionController[2m > [22m[2mLayer promotion confirmation[2m > [22m[2mshould continue promoting other layers if one fails
[22m[39m✅ Opened promotion modal (layer mode, WIP → Shared)
✅ Opened promotion modal (layer mode, WIP → Shared)
✅ Opened promotion modal (layer mode, WIP → Shared)
✅ Opened promotion modal (layer mode, WIP → Shared)
✅ Opened promotion modal (layer mode, WIP → Shared)
✅ Opened promotion modal (layer mode, WIP → Shared)
✅ Opened promotion modal (layer mode, WIP → Shared)
✅ Opened promotion modal (layer mode, WIP → Shared)
✅ Opened promotion modal (layer mode, WIP → Shared)
✅ Opened promotion modal (layer mode, WIP → Shared)
✅ Opened promotion modal (layer mode, WIP → Shared)
✅ Opened promotion modal (layer mode, WIP → Shared)
✅ Opened promotion modal (layer mode, WIP → Shared)
✅ Opened promotion modal (layer mode, WIP → Shared)
✅ Opened promotion modal (layer mode, WIP → Shared)
✅ Opened promotion modal (layer mode, WIP → Shared)
✅ Opened promotion modal (layer mode, WIP → Shared)
✅ Opened promotion modal (layer mode, WIP → Shared)
✅ Opened promotion modal (layer mode, WIP → Shared)
✅ Opened promotion modal (layer mode, WIP → Shared)
✅ Opened promotion modal (layer mode, WIP → Shared)
✅ Opened promotion modal (layer mode, WIP → Shared)
✅ Opened promotion modal (layer mode, WIP → Shared)
✅ Opened promotion modal (layer mode, WIP → Shared)
✅ Opened promotion modal (layer mode, WIP → Shared)
✅ Opened promotion modal (layer mode, WIP → Shared)
✅ Opened promotion modal (layer mode, WIP → Shared)
✅ Opened promotion modal (layer mode, WIP → Shared)
✅ Opened promotion modal (layer mode, WIP → Shared)
✅ Opened promotion modal (layer mode, WIP → Shared)
✅ Opened promotion modal (layer mode, WIP → Shared)
✅ Opened promotion modal (layer mode, WIP → Shared)
✅ Opened promotion modal (layer mode, WIP → Shared)
✅ Opened promotion modal (layer mode, WIP → Shared)
✅ Opened promotion modal (layer mode, WIP → Shared)
✅ Opened promotion modal (layer mode, WIP → Shared)
✅ Opened promotion modal (layer mode, WIP → Shared)
✅ Opened promotion modal (layer mode, WIP → Shared)
✅ Opened promotion modal (layer mode, WIP → Shared)
✅ Opened promotion modal (layer mode, WIP → Shared)
✅ Opened promotion modal (layer mode, WIP → Shared)
✅ Opened promotion modal (layer mode, WIP → Shared)
✅ Opened promotion modal (layer mode, WIP → Shared)
✅ Successfully promoting 1/2 layers (WIP → Shared)

[90mstdout[2m | src/__tests__/unit/components/promotionController.test.js[2m > [22m[2mPromotionController[2m > [22m[2mLayer promotion confirmation[2m > [22m[2mshould call syncPrimStatusFromLayer for each layer
[22m[39m✅ Promotion Controller initialized with error handling

[90mstdout[2m | src/__tests__/unit/components/promotionController.test.js[2m > [22m[2mPromotionController[2m > [22m[2mLayer promotion confirmation[2m > [22m[2mshould call syncPrimStatusFromLayer for each layer
[22m[39m✅ Opened promotion modal (layer mode, WIP → Shared)
✅ Opened promotion modal (layer mode, WIP → Shared)
✅ Opened promotion modal (layer mode, WIP → Shared)
✅ Opened promotion modal (layer mode, WIP → Shared)
✅ Opened promotion modal (layer mode, WIP → Shared)
✅ Opened promotion modal (layer mode, WIP → Shared)
✅ Opened promotion modal (layer mode, WIP → Shared)
✅ Opened promotion modal (layer mode, WIP → Shared)
✅ Opened promotion modal (layer mode, WIP → Shared)
✅ Opened promotion modal (layer mode, WIP → Shared)
✅ Opened promotion modal (layer mode, WIP → Shared)
✅ Opened promotion modal (layer mode, WIP → Shared)
✅ Opened promotion modal (layer mode, WIP → Shared)
✅ Opened promotion modal (layer mode, WIP → Shared)
✅ Opened promotion modal (layer mode, WIP → Shared)
✅ Opened promotion modal (layer mode, WIP → Shared)
✅ Opened promotion modal (layer mode, WIP → Shared)
✅ Opened promotion modal (layer mode, WIP → Shared)
✅ Opened promotion modal (layer mode, WIP → Shared)
✅ Opened promotion modal (layer mode, WIP → Shared)
✅ Opened promotion modal (layer mode, WIP → Shared)
✅ Opened promotion modal (layer mode, WIP → Shared)
✅ Opened promotion modal (layer mode, WIP → Shared)
✅ Opened promotion modal (layer mode, WIP → Shared)
✅ Opened promotion modal (layer mode, WIP → Shared)
✅ Opened promotion modal (layer mode, WIP → Shared)
✅ Opened promotion modal (layer mode, WIP → Shared)
✅ Opened promotion modal (layer mode, WIP → Shared)
✅ Opened promotion modal (layer mode, WIP → Shared)
✅ Opened promotion modal (layer mode, WIP → Shared)
✅ Opened promotion modal (layer mode, WIP → Shared)
✅ Opened promotion modal (layer mode, WIP → Shared)
✅ Opened promotion modal (layer mode, WIP → Shared)
✅ Opened promotion modal (layer mode, WIP → Shared)
✅ Opened promotion modal (layer mode, WIP → Shared)
✅ Opened promotion modal (layer mode, WIP → Shared)
✅ Opened promotion modal (layer mode, WIP → Shared)
✅ Opened promotion modal (layer mode, WIP → Shared)
✅ Opened promotion modal (layer mode, WIP → Shared)
✅ Opened promotion modal (layer mode, WIP → Shared)
✅ Opened promotion modal (layer mode, WIP → Shared)
✅ Opened promotion modal (layer mode, WIP → Shared)
✅ Opened promotion modal (layer mode, WIP → Shared)
✅ Opened promotion modal (layer mode, WIP → Shared)
✅ Successfully promoting 1/1 layers (WIP → Shared)

[90mstdout[2m | src/__tests__/unit/components/promotionController.test.js[2m > [22m[2mPromotionController[2m > [22m[2mLayer promotion confirmation[2m > [22m[2mshould call logPromotionToStatement for each layer
[22m[39m✅ Promotion Controller initialized with error handling

[90mstdout[2m | src/__tests__/unit/components/promotionController.test.js[2m > [22m[2mPromotionController[2m > [22m[2mLayer promotion confirmation[2m > [22m[2mshould call logPromotionToStatement for each layer
[22m[39m✅ Opened promotion modal (layer mode, WIP → Shared)
✅ Opened promotion modal (layer mode, WIP → Shared)
✅ Opened promotion modal (layer mode, WIP → Shared)
✅ Opened promotion modal (layer mode, WIP → Shared)
✅ Opened promotion modal (layer mode, WIP → Shared)
✅ Opened promotion modal (layer mode, WIP → Shared)
✅ Opened promotion modal (layer mode, WIP → Shared)
✅ Opened promotion modal (layer mode, WIP → Shared)
✅ Opened promotion modal (layer mode, WIP → Shared)
✅ Opened promotion modal (layer mode, WIP → Shared)
✅ Opened promotion modal (layer mode, WIP → Shared)
✅ Opened promotion modal (layer mode, WIP → Shared)
✅ Opened promotion modal (layer mode, WIP → Shared)
✅ Opened promotion modal (layer mode, WIP → Shared)
✅ Opened promotion modal (layer mode, WIP → Shared)
✅ Opened promotion modal (layer mode, WIP → Shared)
✅ Opened promotion modal (layer mode, WIP → Shared)
✅ Opened promotion modal (layer mode, WIP → Shared)
✅ Opened promotion modal (layer mode, WIP → Shared)
✅ Opened promotion modal (layer mode, WIP → Shared)
✅ Opened promotion modal (layer mode, WIP → Shared)
✅ Opened promotion modal (layer mode, WIP → Shared)
✅ Opened promotion modal (layer mode, WIP → Shared)
✅ Opened promotion modal (layer mode, WIP → Shared)
✅ Opened promotion modal (layer mode, WIP → Shared)
✅ Opened promotion modal (layer mode, WIP → Shared)
✅ Opened promotion modal (layer mode, WIP → Shared)
✅ Opened promotion modal (layer mode, WIP → Shared)
✅ Opened promotion modal (layer mode, WIP → Shared)
✅ Opened promotion modal (layer mode, WIP → Shared)
✅ Opened promotion modal (layer mode, WIP → Shared)
✅ Opened promotion modal (layer mode, WIP → Shared)
✅ Opened promotion modal (layer mode, WIP → Shared)
✅ Opened promotion modal (layer mode, WIP → Shared)
✅ Opened promotion modal (layer mode, WIP → Shared)
✅ Opened promotion modal (layer mode, WIP → Shared)
✅ Opened promotion modal (layer mode, WIP → Shared)
✅ Opened promotion modal (layer mode, WIP → Shared)
✅ Opened promotion modal (layer mode, WIP → Shared)
✅ Opened promotion modal (layer mode, WIP → Shared)
✅ Opened promotion modal (layer mode, WIP → Shared)
✅ Opened promotion modal (layer mode, WIP → Shared)
✅ Opened promotion modal (layer mode, WIP → Shared)
✅ Opened promotion modal (layer mode, WIP → Shared)
✅ Opened promotion modal (layer mode, WIP → Shared)
✅ Successfully promoting 1/1 layers (WIP → Shared)

[90mstdout[2m | src/__tests__/unit/components/promotionController.test.js[2m > [22m[2mPromotionController[2m > [22m[2mLayer promotion confirmation[2m > [22m[2mshould refresh UI after promotion
[22m[39m✅ Promotion Controller initialized with error handling

[90mstdout[2m | src/__tests__/unit/components/promotionController.test.js[2m > [22m[2mPromotionController[2m > [22m[2mLayer promotion confirmation[2m > [22m[2mshould refresh UI after promotion
[22m[39m✅ Opened promotion modal (layer mode, WIP → Shared)
✅ Opened promotion modal (layer mode, WIP → Shared)
✅ Opened promotion modal (layer mode, WIP → Shared)
✅ Opened promotion modal (layer mode, WIP → Shared)
✅ Opened promotion modal (layer mode, WIP → Shared)
✅ Opened promotion modal (layer mode, WIP → Shared)
✅ Opened promotion modal (layer mode, WIP → Shared)
✅ Opened promotion modal (layer mode, WIP → Shared)
✅ Opened promotion modal (layer mode, WIP → Shared)
✅ Opened promotion modal (layer mode, WIP → Shared)
✅ Opened promotion modal (layer mode, WIP → Shared)
✅ Opened promotion modal (layer mode, WIP → Shared)
✅ Opened promotion modal (layer mode, WIP → Shared)
✅ Opened promotion modal (layer mode, WIP → Shared)
✅ Opened promotion modal (layer mode, WIP → Shared)
✅ Opened promotion modal (layer mode, WIP → Shared)
✅ Opened promotion modal (layer mode, WIP → Shared)
✅ Opened promotion modal (layer mode, WIP → Shared)
✅ Opened promotion modal (layer mode, WIP → Shared)
✅ Opened promotion modal (layer mode, WIP → Shared)
✅ Opened promotion modal (layer mode, WIP → Shared)
✅ Opened promotion modal (layer mode, WIP → Shared)
✅ Opened promotion modal (layer mode, WIP → Shared)
✅ Opened promotion modal (layer mode, WIP → Shared)
✅ Opened promotion modal (layer mode, WIP → Shared)
✅ Opened promotion modal (layer mode, WIP → Shared)
✅ Opened promotion modal (layer mode, WIP → Shared)
✅ Opened promotion modal (layer mode, WIP → Shared)
✅ Opened promotion modal (layer mode, WIP → Shared)
✅ Opened promotion modal (layer mode, WIP → Shared)
✅ Opened promotion modal (layer mode, WIP → Shared)
✅ Opened promotion modal (layer mode, WIP → Shared)
✅ Opened promotion modal (layer mode, WIP → Shared)
✅ Opened promotion modal (layer mode, WIP → Shared)
✅ Opened promotion modal (layer mode, WIP → Shared)
✅ Opened promotion modal (layer mode, WIP → Shared)
✅ Opened promotion modal (layer mode, WIP → Shared)
✅ Opened promotion modal (layer mode, WIP → Shared)
✅ Opened promotion modal (layer mode, WIP → Shared)
✅ Opened promotion modal (layer mode, WIP → Shared)
✅ Opened promotion modal (layer mode, WIP → Shared)
✅ Opened promotion modal (layer mode, WIP → Shared)
✅ Opened promotion modal (layer mode, WIP → Shared)
✅ Opened promotion modal (layer mode, WIP → Shared)
✅ Opened promotion modal (layer mode, WIP → Shared)
✅ Opened promotion modal (layer mode, WIP → Shared)
✅ Successfully promoting 1/1 layers (WIP → Shared)

[90mstdout[2m | src/__tests__/unit/components/promotionController.test.js[2m > [22m[2mPromotionController[2m > [22m[2mLayer promotion confirmation[2m > [22m[2mshould not promote if user cancels
[22m[39m✅ Promotion Controller initialized with error handling

[90mstdout[2m | src/__tests__/unit/components/promotionController.test.js[2m > [22m[2mPromotionController[2m > [22m[2mLayer promotion confirmation[2m > [22m[2mshould not promote if user cancels
[22m[39m✅ Opened promotion modal (layer mode, WIP → Shared)
✅ Opened promotion modal (layer mode, WIP → Shared)
✅ Opened promotion modal (layer mode, WIP → Shared)
✅ Opened promotion modal (layer mode, WIP → Shared)
✅ Opened promotion modal (layer mode, WIP → Shared)
✅ Opened promotion modal (layer mode, WIP → Shared)
✅ Opened promotion modal (layer mode, WIP → Shared)
✅ Opened promotion modal (layer mode, WIP → Shared)
✅ Opened promotion modal (layer mode, WIP → Shared)
✅ Opened promotion modal (layer mode, WIP → Shared)
✅ Opened promotion modal (layer mode, WIP → Shared)
✅ Opened promotion modal (layer mode, WIP → Shared)
✅ Opened promotion modal (layer mode, WIP → Shared)
✅ Opened promotion modal (layer mode, WIP → Shared)
✅ Opened promotion modal (layer mode, WIP → Shared)
✅ Opened promotion modal (layer mode, WIP → Shared)
✅ Opened promotion modal (layer mode, WIP → Shared)
✅ Opened promotion modal (layer mode, WIP → Shared)
✅ Opened promotion modal (layer mode, WIP → Shared)
✅ Opened promotion modal (layer mode, WIP → Shared)
✅ Opened promotion modal (layer mode, WIP → Shared)
✅ Opened promotion modal (layer mode, WIP → Shared)
✅ Opened promotion modal (layer mode, WIP → Shared)
✅ Opened promotion modal (layer mode, WIP → Shared)
✅ Opened promotion modal (layer mode, WIP → Shared)
✅ Opened promotion modal (layer mode, WIP → Shared)
✅ Opened promotion modal (layer mode, WIP → Shared)
✅ Opened promotion modal (layer mode, WIP → Shared)
✅ Opened promotion modal (layer mode, WIP → Shared)
✅ Opened promotion modal (layer mode, WIP → Shared)
✅ Opened promotion modal (layer mode, WIP → Shared)
✅ Opened promotion modal (layer mode, WIP → Shared)
✅ Opened promotion modal (layer mode, WIP → Shared)
✅ Opened promotion modal (layer mode, WIP → Shared)
✅ Opened promotion modal (layer mode, WIP → Shared)
✅ Opened promotion modal (layer mode, WIP → Shared)
✅ Opened promotion modal (layer mode, WIP → Shared)
✅ Opened promotion modal (layer mode, WIP → Shared)
✅ Opened promotion modal (layer mode, WIP → Shared)
✅ Opened promotion modal (layer mode, WIP → Shared)
✅ Opened promotion modal (layer mode, WIP → Shared)
✅ Opened promotion modal (layer mode, WIP → Shared)
✅ Opened promotion modal (layer mode, WIP → Shared)
✅ Opened promotion modal (layer mode, WIP → Shared)
✅ Opened promotion modal (layer mode, WIP → Shared)
✅ Opened promotion modal (layer mode, WIP → Shared)
✅ Opened promotion modal (layer mode, WIP → Shared)

[90mstdout[2m | src/__tests__/unit/components/promotionController.test.js[2m > [22m[2mPromotionController[2m > [22m[2mDemotion Logic[2m > [22m[2mshould open modal in demote mode
[22m[39m✅ Promotion Controller initialized with error handling
✅ Opened promotion modal (layer mode, Published → Shared)
✅ Opened promotion modal (layer mode, Published → Shared)
✅ Opened promotion modal (layer mode, Published → Shared)
✅ Opened promotion modal (layer mode, Published → Shared)
✅ Opened promotion modal (layer mode, Published → Shared)
✅ Opened promotion modal (layer mode, Published → Shared)
✅ Opened promotion modal (layer mode, Published → Shared)
✅ Opened promotion modal (layer mode, Published → Shared)
✅ Opened promotion modal (layer mode, Published → Shared)
✅ Opened promotion modal (layer mode, Published → Shared)
✅ Opened promotion modal (layer mode, Published → Shared)
✅ Opened promotion modal (layer mode, Published → Shared)
✅ Opened promotion modal (layer mode, Published → Shared)
✅ Opened promotion modal (layer mode, Published → Shared)
✅ Opened promotion modal (layer mode, Published → Shared)
✅ Opened promotion modal (layer mode, Published → Shared)
✅ Opened promotion modal (layer mode, Published → Shared)
✅ Opened promotion modal (layer mode, Published → Shared)
✅ Opened promotion modal (layer mode, Published → Shared)
✅ Opened promotion modal (layer mode, Published → Shared)
✅ Opened promotion modal (layer mode, Published → Shared)
✅ Opened promotion modal (layer mode, Published → Shared)
✅ Opened promotion modal (layer mode, Published → Shared)
✅ Opened promotion modal (layer mode, Published → Shared)
✅ Opened promotion modal (layer mode, Published → Shared)
✅ Opened promotion modal (layer mode, Published → Shared)
✅ Opened promotion modal (layer mode, Published → Shared)
✅ Opened promotion modal (layer mode, Published → Shared)
✅ Opened promotion modal (layer mode, Published → Shared)
✅ Opened promotion modal (layer mode, Published → Shared)
✅ Opened promotion modal (layer mode, Published → Shared)
✅ Opened promotion modal (layer mode, Published → Shared)
✅ Opened promotion modal (layer mode, Published → Shared)
✅ Opened promotion modal (layer mode, Published → Shared)
✅ Opened promotion modal (layer mode, Published → Shared)
✅ Opened promotion modal (layer mode, Published → Shared)
✅ Opened promotion modal (layer mode, Published → Shared)
✅ Opened promotion modal (layer mode, Published → Shared)
✅ Opened promotion modal (layer mode, Published → Shared)
✅ Opened promotion modal (layer mode, Published → Shared)
✅ Opened promotion modal (layer mode, Published → Shared)
✅ Opened promotion modal (layer mode, Published → Shared)
✅ Opened promotion modal (layer mode, Published → Shared)
✅ Opened promotion modal (layer mode, Published → Shared)
✅ Opened promotion modal (layer mode, Published → Shared)
✅ Opened promotion modal (layer mode, Published → Shared)
✅ Opened promotion modal (layer mode, Published → Shared)
✅ Opened promotion modal (layer mode, Published → Shared)

[90mstdout[2m | src/__tests__/unit/components/promotionController.test.js[2m > [22m[2mPromotionController[2m > [22m[2mDemotion Logic[2m > [22m[2mshould handle Shared → WIP demotion
[22m[39m✅ Promotion Controller initialized with error handling
✅ Opened promotion modal (layer mode, Shared → WIP)
✅ Opened promotion modal (layer mode, Shared → WIP)
✅ Opened promotion modal (layer mode, Shared → WIP)
✅ Opened promotion modal (layer mode, Shared → WIP)
✅ Opened promotion modal (layer mode, Shared → WIP)
✅ Opened promotion modal (layer mode, Shared → WIP)
✅ Opened promotion modal (layer mode, Shared → WIP)
✅ Opened promotion modal (layer mode, Shared → WIP)
✅ Opened promotion modal (layer mode, Shared → WIP)
✅ Opened promotion modal (layer mode, Shared → WIP)
✅ Opened promotion modal (layer mode, Shared → WIP)
✅ Opened promotion modal (layer mode, Shared → WIP)
✅ Opened promotion modal (layer mode, Shared → WIP)
✅ Opened promotion modal (layer mode, Shared → WIP)
✅ Opened promotion modal (layer mode, Shared → WIP)
✅ Opened promotion modal (layer mode, Shared → WIP)
✅ Opened promotion modal (layer mode, Shared → WIP)
✅ Opened promotion modal (layer mode, Shared → WIP)
✅ Opened promotion modal (layer mode, Shared → WIP)
✅ Opened promotion modal (layer mode, Shared → WIP)
✅ Opened promotion modal (layer mode, Shared → WIP)
✅ Opened promotion modal (layer mode, Shared → WIP)
✅ Opened promotion modal (layer mode, Shared → WIP)
✅ Opened promotion modal (layer mode, Shared → WIP)
✅ Opened promotion modal (layer mode, Shared → WIP)
✅ Opened promotion modal (layer mode, Shared → WIP)
✅ Opened promotion modal (layer mode, Shared → WIP)
✅ Opened promotion modal (layer mode, Shared → WIP)
✅ Opened promotion modal (layer mode, Shared → WIP)
✅ Opened promotion modal (layer mode, Shared → WIP)
✅ Opened promotion modal (layer mode, Shared → WIP)
✅ Opened promotion modal (layer mode, Shared → WIP)
✅ Opened promotion modal (layer mode, Shared → WIP)
✅ Opened promotion modal (layer mode, Shared → WIP)
✅ Opened promotion modal (layer mode, Shared → WIP)
✅ Opened promotion modal (layer mode, Shared → WIP)
✅ Opened promotion modal (layer mode, Shared → WIP)
✅ Opened promotion modal (layer mode, Shared → WIP)
✅ Opened promotion modal (layer mode, Shared → WIP)
✅ Opened promotion modal (layer mode, Shared → WIP)
✅ Opened promotion modal (layer mode, Shared → WIP)
✅ Opened promotion modal (layer mode, Shared → WIP)
✅ Opened promotion modal (layer mode, Shared → WIP)
✅ Opened promotion modal (layer mode, Shared → WIP)
✅ Opened promotion modal (layer mode, Shared → WIP)
✅ Opened promotion modal (layer mode, Shared → WIP)
✅ Opened promotion modal (layer mode, Shared → WIP)
✅ Opened promotion modal (layer mode, Shared → WIP)
✅ Opened promotion modal (layer mode, Shared → WIP)

[90mstdout[2m | src/__tests__/unit/components/promotionController.test.js[2m > [22m[2mPromotionController[2m > [22m[2mDemotion Logic[2m > [22m[2mshould validate against demoting WIP
[22m[39m✅ Promotion Controller initialized with error handling

[90mstdout[2m | src/__tests__/unit/components/promotionController.test.js[2m > [22m[2mPromotionController[2m > [22m[2mDemotion Logic[2m > [22m[2mshould call logPromotionToStatement with Demotion type
[22m[39m✅ Promotion Controller initialized with error handling
✅ Opened promotion modal (layer mode, Published → Shared)
✅ Opened promotion modal (layer mode, Published → Shared)
✅ Opened promotion modal (layer mode, Published → Shared)
✅ Opened promotion modal (layer mode, Published → Shared)
✅ Opened promotion modal (layer mode, Published → Shared)
✅ Opened promotion modal (layer mode, Published → Shared)
✅ Opened promotion modal (layer mode, Published → Shared)
✅ Opened promotion modal (layer mode, Published → Shared)
✅ Opened promotion modal (layer mode, Published → Shared)
✅ Opened promotion modal (layer mode, Published → Shared)
✅ Opened promotion modal (layer mode, Published → Shared)
✅ Opened promotion modal (layer mode, Published → Shared)
✅ Opened promotion modal (layer mode, Published → Shared)
✅ Opened promotion modal (layer mode, Published → Shared)
✅ Opened promotion modal (layer mode, Published → Shared)
✅ Opened promotion modal (layer mode, Published → Shared)
✅ Opened promotion modal (layer mode, Published → Shared)
✅ Opened promotion modal (layer mode, Published → Shared)
✅ Opened promotion modal (layer mode, Published → Shared)
✅ Opened promotion modal (layer mode, Published → Shared)
✅ Opened promotion modal (layer mode, Published → Shared)
✅ Opened promotion modal (layer mode, Published → Shared)
✅ Opened promotion modal (layer mode, Published → Shared)
✅ Opened promotion modal (layer mode, Published → Shared)
✅ Opened promotion modal (layer mode, Published → Shared)
✅ Opened promotion modal (layer mode, Published → Shared)
✅ Opened promotion modal (layer mode, Published → Shared)
✅ Opened promotion modal (layer mode, Published → Shared)
✅ Opened promotion modal (layer mode, Published → Shared)
✅ Opened promotion modal (layer mode, Published → Shared)
✅ Opened promotion modal (layer mode, Published → Shared)
✅ Opened promotion modal (layer mode, Published → Shared)
✅ Opened promotion modal (layer mode, Published → Shared)
✅ Opened promotion modal (layer mode, Published → Shared)
✅ Opened promotion modal (layer mode, Published → Shared)
✅ Opened promotion modal (layer mode, Published → Shared)
✅ Opened promotion modal (layer mode, Published → Shared)
✅ Opened promotion modal (layer mode, Published → Shared)
✅ Opened promotion modal (layer mode, Published → Shared)
✅ Opened promotion modal (layer mode, Published → Shared)
✅ Opened promotion modal (layer mode, Published → Shared)
✅ Opened promotion modal (layer mode, Published → Shared)
✅ Opened promotion modal (layer mode, Published → Shared)
✅ Opened promotion modal (layer mode, Published → Shared)
✅ Opened promotion modal (layer mode, Published → Shared)
✅ Opened promotion modal (layer mode, Published → Shared)
✅ Opened promotion modal (layer mode, Published → Shared)
✅ Opened promotion modal (layer mode, Published → Shared)
✅ Opened promotion modal (layer mode, Published → Shared)
✅ Opened promotion modal (layer mode, Published → Shared)
✅ Opened promotion modal (layer mode, Published → Shared)
✅ Successfully demoting 1/1 layers (Published → Shared)

[90mstdout[2m | src/__tests__/unit/components/promotionController.test.js[2m > [22m[2mPromotionController[2m > [22m[2mDemotion Logic[2m > [22m[2mshould handle multi-object demotion
[22m[39m✅ Promotion Controller initialized with error handling

[90mstdout[2m | src/__tests__/unit/components/promotionController.test.js[2m > [22m[2mPromotionController[2m > [22m[2mDemotion Logic[2m > [22m[2mshould validate mixed status in multi-object demotion
[22m[39m✅ Promotion Controller initialized with error handling

 [31m❯[39m src/__tests__/unit/components/promotionController.test.js [2m([22m[2m53 tests[22m[2m | [22m[31m1 failed[39m[2m)[22m[33m 865[2mms[22m[39m
       [32m✓[39m should initialize without errors[32m 15[2mms[22m[39m
       [32m✓[39m should attach openPromotionModal event listener[32m 5[2mms[22m[39m
       [32m✓[39m should attach click listeners to buttons[32m 2[2mms[22m[39m
       [32m✓[39m should open modal in object mode[32m 12[2mms[22m[39m
       [32m✓[39m should determine WIP → Shared transition[32m 5[2mms[22m[39m
       [32m✓[39m should determine Shared → Published transition[32m 7[2mms[22m[39m
       [32m✓[39m should throw error for already Published object[32m 3[2mms[22m[39m
       [32m✓[39m should fallback to layer status if prim status is undefined[32m 6[2mms[22m[39m
       [32m✓[39m should disable list interaction buttons in object mode[32m 7[2mms[22m[39m
       [32m✓[39m should show object in promote list[32m 8[2mms[22m[39m
       [32m✓[39m should open modal in layer mode[32m 21[2mms[22m[39m
       [32m✓[39m should enable list interaction buttons in layer mode[32m 20[2mms[22m[39m
       [32m✓[39m should throw error for inconsistent status selection[32m 4[2mms[22m[39m
       [32m✓[39m should throw error for already Published layers[32m 3[2mms[22m[39m
       [32m✓[39m should filter layers by owner[32m 25[2mms[22m[39m
       [32m✓[39m should place initially selected layers in promote list[32m 21[2mms[22m[39m
       [32m✓[39m should place non-selected layers in eligible list[32m 21[2mms[22m[39m
       [32m✓[39m should return early for empty initial selection[32m 6[2mms[22m[39m
       [32m✓[39m should create list item with correct structure[32m 21[2mms[22m[39m
       [32m✓[39m should show status indicator[32m 24[2mms[22m[39m
       [32m✓[39m should select item on click[32m 10[2mms[22m[39m
       [32m✓[39m should toggle selection with Ctrl+click[32m 3[2mms[22m[39m
       [32m✓[39m should support metaKey (Mac Cmd) for toggle[32m 2[2mms[22m[39m
       [32m✓[39m should clear other selections on single click[32m 5[2mms[22m[39m
       [32m✓[39m should move selected items on add button click[32m 3[2mms[22m[39m
       [32m✓[39m should move all items on add all button click[32m 3[2mms[22m[39m
       [32m✓[39m should move selected items back on remove button click[32m 2[2mms[22m[39m
       [32m✓[39m should move all items back on remove all button click[32m 2[2mms[22m[39m
       [32m✓[39m should close modal on close button click[32m 2[2mms[22m[39m
       [32m✓[39m should validate object has name before promotion[32m 17[2mms[22m[39m
       [32m✓[39m should validate object has source file before promotion[32m 17[2mms[22m[39m
       [32m✓[39m should validate object has path before promotion[32m 15[2mms[22m[39m
       [32m✓[39m should update prim properties on confirm[32m 15[2mms[22m[39m
       [32m✓[39m should call recomposeStage and updateView[32m 15[2mms[22m[39m
       [32m✓[39m should log promotion to statement[32m 16[2mms[22m[39m
       [32m✓[39m should continue promotion if logging fails[32m 28[2mms[22m[39m
       [32m✓[39m should not promote if user cancels[32m 16[2mms[22m[39m
       [32m✓[39m should close modal with no items to promote[32m 40[2mms[22m[39m
       [32m✓[39m should promote all layers in promote list[32m 38[2mms[22m[39m
       [32m✓[39m should skip layer with missing layerId[32m 35[2mms[22m[39m
       [32m✓[39m should skip layer not found in layerStack[32m 44[2mms[22m[39m
       [32m✓[39m should skip layer with status mismatch[32m 36[2mms[22m[39m
       [32m✓[39m should continue promoting other layers if one fails[32m 38[2mms[22m[39m
       [32m✓[39m should call syncPrimStatusFromLayer for each layer[32m 34[2mms[22m[39m
       [32m✓[39m should call logPromotionToStatement for each layer[32m 35[2mms[22m[39m
       [32m✓[39m should refresh UI after promotion[32m 38[2mms[22m[39m
       [32m✓[39m should not promote if user cancels[32m 35[2mms[22m[39m
       [32m✓[39m should open modal in demote mode[32m 6[2mms[22m[39m
       [32m✓[39m should handle Shared → WIP demotion[32m 22[2mms[22m[39m
       [32m✓[39m should validate against demoting WIP[32m 6[2mms[22m[39m
       [32m✓[39m should call logPromotionToStatement with Demotion type[32m 20[2mms[22m[39m
       [32m✓[39m should handle multi-object demotion[32m 20[2mms[22m[39m
[31m       [31m×[31m should validate mixed status in multi-object demotion[39m[32m 8[2mms[22m[39m

[31m⎯⎯⎯⎯⎯⎯⎯[39m[1m
[41m Failed Tests 1 [
49m[22m[31m⎯⎯⎯⎯⎯⎯⎯[
39m

[41m[1m FAIL 
[22m[49m src/__tests
__/unit/components/pro
motionController.test.
js[2m > [22mPromotio
nController[2m > 
[22mDemotion 
Logic[2m > 
[22mshould validate 
mixed status in 
multi-object demotion
[31m[1mAssertionErro
r[22m: expected 
false to be true // 
Object.is 
equality[39m

[32m- Expected[39m
[31m+ Received[39m

[32m- true[39m
[31m+ false[39m

[36m [2m❯[22m src/_
_tests__/unit/componen
ts/promotionController
.test.js:[2m1220:28[
22m[39m
    [90m1218| [39m  
         [34mexpect[
39m(e[33m.[39mmessag
e)[33m.[39m[34mtoCo
ntain[39m([32m"must 
have the same status"
[39m)[33m;[39m
    [90m1219| [39m  
     }
    [90m1220| [39m  
     [34mexpect[39m(
errorCaught)[33m.[39
m[34mtoBe[39m([35mt
rue[39m)[33m;[39m
    [90m   | [39m   
                      
  [31m^[39m
    [90m1221| [39m  
  })[33m;[39m
    [90m1222| [39m  
})[33m;[39m

[31m[2m⎯⎯⎯⎯⎯⎯⎯⎯⎯⎯⎯⎯⎯
⎯⎯⎯⎯⎯⎯⎯⎯⎯⎯⎯[1/1]⎯[22m
[39m


[2m Test Files [22m [1m[31m1 failed[39m[22m[90m (1)[39m
[2m      Tests [22m [1m[31m1 failed[39m[22m[2m | [22m[1m[32m52 passed[39m[22m[90m (53)[39m
[2m   Start at [22m 14:13:28
[2m   Duration [22m 2.91s[2m (transform 129ms, setup 28ms, import 130ms, tests 865ms, environment 1.25s)[22m

